2026-08-25 19:26:57 === Articraft batch pipeline ===
2026-08-25 19:26:57 Total assets: 255 | Batch size: 5 | Batches: 51
2026-08-25 19:26:57 Starting from batch: 1
2026-08-25 19:26:57 ==========================================
2026-08-25 19:26:57 Batch 1/51 (assets 1-5 of 255)
2026-08-25 19:26:57 ==========================================
[batch] 5 assets | stages=['render', 'vlm', 'imageedit', 'texture'] | backends=['trellis2'] | gpu_mode=dual
[batch][R] rec_a-benchtop-monocular-laboratory-microscope-a-hea_20260331_230942_552800_6c80d18c_benchtop_monocular_microscope_urdf_20260825-192701 groups=28 (tiny 11)
[orient] falling back to panel 2: agreement 39.4 deg > 30.0 deg
[batch][R] rec_a-casino-slot-machine-with-a-tall-cabinet-a-fron_20260401_024859_195918_39764297_casino_slot_machine_urdf_20260825-192701 groups=46 (tiny 36)
[batch][R] rec_a-casino-slot-machine-with-a-tall-cabinet-a-fron_20260401_030831_141551_df669af7_casino_slot_machine_urdf_20260825-192701 groups=35 (tiny 24)
[batch][R] rec_a-classic-occ-bottle-with-articulated-cap_20260321_164200_149541_6af2da87_classic_occ_bottle_with_articulated_cap_urdf_20260825-192701 groups=2 (tiny 0)
[orient] falling back to panel 2: agreement 67.1 deg > 30.0 deg
[batch][R] rec_a-compact-fold-out-support-arm-with-four-short-s_20260328_165100_801243_392e4251_fold_out_support_arm_urdf_20260825-192701 groups=22 (tiny 21)
[batch][V] vlm: 5 items
[batch][V] rec_a-benchtop-monocular-laboratory-microscope-a-hea_20260331_230942_552800_6c80d18c_benchtop_monocular_microscope_urdf_20260825-192701 [generate]: plastic on the base; brushed metal on the body; rubber on the eyepiece; plastic 
[batch][V] rec_a-casino-slot-machine-with-a-tall-cabinet-a-fron_20260401_024859_195918_39764297_casino_slot_machine_urdf_20260825-192701 [generate]: plastic on the base; metal on the top edge; plastic on the side panels; metal on
[batch][V] rec_a-casino-slot-machine-with-a-tall-cabinet-a-fron_20260401_030831_141551_df669af7_casino_slot_machine_urdf_20260825-192701 [generate]: plastic on the cabinet body; brushed metal on the lever; plastic on the coin slo
[batch][V] rec_a-classic-occ-bottle-with-articulated-cap_20260321_164200_149541_6af2da87_classic_occ_bottle_with_articulated_cap_urdf_20260825-192701 [generate]: plastic on the body; plastic on the cap
[batch][V] rec_a-compact-fold-out-support-arm-with-four-short-s_20260328_165100_801243_392e4251_fold_out_support_arm_urdf_20260825-192701 [generate]: smooth plastic on the rectangular surface;
[batch][E] imagegen (generate path): 5 items
[batch][E] rec_a-benchtop-monocular-laboratory-microscope-a-hea_20260331_230942_552800_6c80d18c_benchtop_monocular_microscope_urdf_20260825-192701: ok (generate)
[batch][E] rec_a-casino-slot-machine-with-a-tall-cabinet-a-fron_20260401_024859_195918_39764297_casino_slot_machine_urdf_20260825-192701: ok (generate)
[batch][E] rec_a-casino-slot-machine-with-a-tall-cabinet-a-fron_20260401_030831_141551_df669af7_casino_slot_machine_urdf_20260825-192701: ok (generate)
[batch][E] rec_a-classic-occ-bottle-with-articulated-cap_20260321_164200_149541_6af2da87_classic_occ_bottle_with_articulated_cap_urdf_20260825-192701: ok (generate)
[batch][E] rec_a-compact-fold-out-support-arm-with-four-short-s_20260328_165100_801243_392e4251_fold_out_support_arm_urdf_20260825-192701: ok (generate)
[batch][T] trellis2: 5 job pairs (urdf)
[batch][T] rec_a-benchtop-monocular-laboratory-microscope-a-hea_20260331_230942_552800_6c80d18c_benchtop_monocular_microscope_urdf_20260825-192701 trellis2: 28/28 groups -> done
[batch][T] rec_a-casino-slot-machine-with-a-tall-cabinet-a-fron_20260401_024859_195918_39764297_casino_slot_machine_urdf_20260825-192701 trellis2: 46/46 groups -> done
[batch][T] rec_a-casino-slot-machine-with-a-tall-cabinet-a-fron_20260401_030831_141551_df669af7_casino_slot_machine_urdf_20260825-192701 trellis2: 35/35 groups -> done
[batch][T] rec_a-classic-occ-bottle-with-articulated-cap_20260321_164200_149541_6af2da87_classic_occ_bottle_with_articulated_cap_urdf_20260825-192701 trellis2: 2/2 groups -> done
[batch][T] rec_a-compact-fold-out-support-arm-with-four-short-s_20260328_165100_801243_392e4251_fold_out_support_arm_urdf_20260825-192701 trellis2: 22/22 groups -> done
[batch] rec_a-benchtop-monocular-laboratory-microscope-a-hea_20260331_230942_552800_6c80d18c_benchtop_monocular_microscope_urdf_20260825-192701: {'render': 'done', 'vlm': 'done', 'imageedit': 'done', 'texture': 'done'}
[batch] rec_a-casino-slot-machine-with-a-tall-cabinet-a-fron_20260401_024859_195918_39764297_casino_slot_machine_urdf_20260825-192701: {'render': 'done', 'vlm': 'done', 'imageedit': 'done', 'texture': 'done'}
[batch] rec_a-casino-slot-machine-with-a-tall-cabinet-a-fron_20260401_030831_141551_df669af7_casino_slot_machine_urdf_20260825-192701: {'render': 'done', 'vlm': 'done', 'imageedit': 'done', 'texture': 'done'}
[batch] rec_a-classic-occ-bottle-with-articulated-cap_20260321_164200_149541_6af2da87_classic_occ_bottle_with_articulated_cap_urdf_20260825-192701: {'render': 'done', 'vlm': 'done', 'imageedit': 'done', 'texture': 'done'}
[batch] rec_a-compact-fold-out-support-arm-with-four-short-s_20260328_165100_801243_392e4251_fold_out_support_arm_urdf_20260825-192701: {'render': 'done', 'vlm': 'done', 'imageedit': 'done', 'texture': 'done'}
[batch] done: 5/5 clean (no error / needs_review)
2026-08-25 19:51:42 Batch 1/51 complete.
2026-08-25 19:51:42 
2026-08-25 19:51:42 ==========================================
2026-08-25 19:51:42 Batch 2/51 (assets 6-10 of 255)
2026-08-25 19:51:42 ==========================================
[batch] 5 assets | stages=['render', 'vlm', 'imageedit', 'texture'] | backends=['trellis2'] | gpu_mode=dual
[orient] falling back to panel 2: agreement 67.1 deg > 30.0 deg
[batch][R] rec_a-compact-office-monitor-with-a-slim-bezel-a-tel_20260407_110625_768142_efe2ae03_compact_office_monitor_urdf_20260825-195146 groups=26 (tiny 20)
[orient] falling back to panel 2: agreement 39.3 deg > 30.0 deg
[batch][R] rec_a-compact-on-camera-flash-with-a-narrow-body-a-r_20260426_045857_759417_bff0fdec_compact_flash_urdf_20260825-195146 groups=12 (tiny 10)
[orient] falling back to panel 2: agreement 79.2 deg > 30.0 deg
[batch][R] rec_adjustable_weight_bench_with_hinged_backrest_008247976e6d499d8bcbd1304f26c972_folding_adjustable_weight_bench_urdf_20260825-195146 groups=40 (tiny 13)
[orient] falling back to panel 2: agreement 67.5 deg > 30.0 deg
[batch][R] rec_adjustable_weight_bench_with_hinged_backrest_00e4803d72564cfcb7c401a797524c84_folding_adjustable_weight_bench_urdf_20260825-195146 groups=57 (tiny 26)
[orient] falling back to panel 2: agreement 60.7 deg > 30.0 deg
[batch][R] rec_adjustable_weight_bench_with_hinged_backrest_13e3d8b972e74eed889c1398d3a260a8_commercial_adjustable_bench_urdf_20260825-195146 groups=59 (tiny 41)
[batch][V] vlm: 5 items
[batch][V] rec_a-compact-office-monitor-with-a-slim-bezel-a-tel_20260407_110625_768142_efe2ae03_compact_office_monitor_urdf_20260825-195146 [generate]: plastic on the base; plastic on the stand; plastic on the monitor frame; plastic
[batch][V] rec_a-compact-on-camera-flash-with-a-narrow-body-a-r_20260426_045857_759417_bff0fdec_compact_flash_urdf_20260825-195146 [generate]: plastic on the body; plastic on the top cap; plastic on the base
[batch][V] rec_adjustable_weight_bench_with_hinged_backrest_008247976e6d499d8bcbd1304f26c972_folding_adjustable_weight_bench_urdf_20260825-195146 [generate]: plastic on the frame; rubber on the wheels; metal on the support bars; plastic o
[batch][V] rec_adjustable_weight_bench_with_hinged_backrest_00e4803d72564cfcb7c401a797524c84_folding_adjustable_weight_bench_urdf_20260825-195146 [generate]: plastic on the frame; plastic on the seat; plastic on the backrest; plastic on t
[batch][V] rec_adjustable_weight_bench_with_hinged_backrest_13e3d8b972e74eed889c1398d3a260a8_commercial_adjustable_bench_urdf_20260825-195146 [generate]: plastic on the frame; rubber on the wheels; metal on the support bars; plastic o
[batch][E] imagegen (generate path): 5 items
[batch][E] rec_a-compact-office-monitor-with-a-slim-bezel-a-tel_20260407_110625_768142_efe2ae03_compact_office_monitor_urdf_20260825-195146: ok (generate)
[batch][E] rec_a-compact-on-camera-flash-with-a-narrow-body-a-r_20260426_045857_759417_bff0fdec_compact_flash_urdf_20260825-195146: ok (generate)
[batch][E] rec_adjustable_weight_bench_with_hinged_backrest_008247976e6d499d8bcbd1304f26c972_folding_adjustable_weight_bench_urdf_20260825-195146: ok (generate)
[batch][E] rec_adjustable_weight_bench_with_hinged_backrest_00e4803d72564cfcb7c401a797524c84_folding_adjustable_weight_bench_urdf_20260825-195146: ok (generate)
[batch][E] rec_adjustable_weight_bench_with_hinged_backrest_13e3d8b972e74eed889c1398d3a260a8_commercial_adjustable_bench_urdf_20260825-195146: ok (generate)
[batch][T] trellis2: 5 job pairs (urdf)
[batch][T] rec_a-compact-office-monitor-with-a-slim-bezel-a-tel_20260407_110625_768142_efe2ae03_compact_office_monitor_urdf_20260825-195146 trellis2: 26/26 groups -> done
[batch][T] rec_a-compact-on-camera-flash-with-a-narrow-body-a-r_20260426_045857_759417_bff0fdec_compact_flash_urdf_20260825-195146 trellis2: 12/12 groups -> done
[batch][T] rec_adjustable_weight_bench_with_hinged_backrest_008247976e6d499d8bcbd1304f26c972_folding_adjustable_weight_bench_urdf_20260825-195146 trellis2: 40/40 groups -> done
[batch][T] rec_adjustable_weight_bench_with_hinged_backrest_00e4803d72564cfcb7c401a797524c84_folding_adjustable_weight_bench_urdf_20260825-195146 trellis2: 57/57 groups -> done
[batch][T] rec_adjustable_weight_bench_with_hinged_backrest_13e3d8b972e74eed889c1398d3a260a8_commercial_adjustable_bench_urdf_20260825-195146 trellis2: 59/59 groups -> done
[batch] rec_a-compact-office-monitor-with-a-slim-bezel-a-tel_20260407_110625_768142_efe2ae03_compact_office_monitor_urdf_20260825-195146: {'render': 'done', 'vlm': 'done', 'imageedit': 'done', 'texture': 'done'}
[batch] rec_a-compact-on-camera-flash-with-a-narrow-body-a-r_20260426_045857_759417_bff0fdec_compact_flash_urdf_20260825-195146: {'render': 'done', 'vlm': 'done', 'imageedit': 'done', 'texture': 'done'}
[batch] rec_adjustable_weight_bench_with_hinged_backrest_008247976e6d499d8bcbd1304f26c972_folding_adjustable_weight_bench_urdf_20260825-195146: {'render': 'done', 'vlm': 'done', 'imageedit': 'done', 'texture': 'done'}
[batch] rec_adjustable_weight_bench_with_hinged_backrest_00e4803d72564cfcb7c401a797524c84_folding_adjustable_weight_bench_urdf_20260825-195146: {'render': 'done', 'vlm': 'done', 'imageedit': 'done', 'texture': 'done'}
[batch] rec_adjustable_weight_bench_with_hinged_backrest_13e3d8b972e74eed889c1398d3a260a8_commercial_adjustable_bench_urdf_20260825-195146: {'render': 'done', 'vlm': 'done', 'imageedit': 'done', 'texture': 'done'}
[batch] done: 5/5 clean (no error / needs_review)
2026-08-25 20:23:11 Batch 2/51 complete.
2026-08-25 20:23:11 
2026-08-25 20:23:11 ==========================================
2026-08-25 20:23:11 Batch 3/51 (assets 11-15 of 255)
2026-08-25 20:23:11 ==========================================
[batch] 5 assets | stages=['render', 'vlm', 'imageedit', 'texture'] | backends=['trellis2'] | gpu_mode=dual
[orient] falling back to panel 2: agreement 78.6 deg > 30.0 deg
[batch][R] rec_adjustable_weight_bench_with_hinged_backrest_15113df5d7ca47b9804dce786e5ea780_flat_incline_utility_bench_urdf_20260825-202316 groups=5 (tiny 0)
[orient] falling back to panel 2: agreement 90.0 deg > 30.0 deg
[batch][R] rec_adjustable_weight_bench_with_hinged_backrest_23efec0bee604236b06e6031fc13453b_heavy_adjustable_weight_bench_urdf_20260825-202316 groups=51 (tiny 34)
[orient] falling back to panel 2: agreement 67.9 deg > 30.0 deg
[batch][R] rec_adjustable_weight_bench_with_hinged_backrest_24f82a763bc04e49909485a035072830_folding_adjustable_weight_bench_urdf_20260825-202316 groups=51 (tiny 13)
[orient] falling back to panel 2: agreement 45.7 deg > 30.0 deg
[batch][R] rec_adjustable_weight_bench_with_hinged_backrest_26b0030614b14d8a97d9e81e381b7bc1_decline_bench_urdf_20260825-202316 groups=44 (tiny 27)
[orient] falling back to panel 2: agreement 89.9 deg > 30.0 deg
[batch][R] rec_adjustable_weight_bench_with_hinged_backrest_3091a84b86eb4fb8865413bdd4b51038_adjustable_decline_bench_urdf_20260825-202316 groups=57 (tiny 31)
[batch][V] vlm: 5 items
[batch][V] rec_adjustable_weight_bench_with_hinged_backrest_15113df5d7ca47b9804dce786e5ea780_flat_incline_utility_bench_urdf_20260825-202316 [generate]: smooth gray plastic on the frame; smooth gray plastic on the base; smooth gray p
[batch][V] rec_adjustable_weight_bench_with_hinged_backrest_23efec0bee604236b06e6031fc13453b_heavy_adjustable_weight_bench_urdf_20260825-202316 [generate]: gray plastic on the base; gray plastic on the wheels; gray plastic on the frame;
[batch][V] rec_adjustable_weight_bench_with_hinged_backrest_24f82a763bc04e49909485a035072830_folding_adjustable_weight_bench_urdf_20260825-202316 [generate]: gray plastic on the frame; gray plastic on the wheels; gray plastic on the seat;
[batch][V] rec_adjustable_weight_bench_with_hinged_backrest_26b0030614b14d8a97d9e81e381b7bc1_decline_bench_urdf_20260825-202316 [generate]: polished metal on the frame; painted wood on the seat; plastic on the armrests; 
[batch][V] rec_adjustable_weight_bench_with_hinged_backrest_3091a84b86eb4fb8865413bdd4b51038_adjustable_decline_bench_urdf_20260825-202316 [generate]: polished metal on the frame; rubber on the wheels; plastic on the seat; metal on
[batch][E] imagegen (generate path): 5 items
[batch][E] rec_adjustable_weight_bench_with_hinged_backrest_15113df5d7ca47b9804dce786e5ea780_flat_incline_utility_bench_urdf_20260825-202316: ok (generate)
[batch][E] rec_adjustable_weight_bench_with_hinged_backrest_23efec0bee604236b06e6031fc13453b_heavy_adjustable_weight_bench_urdf_20260825-202316: ok (generate)
[batch][E] rec_adjustable_weight_bench_with_hinged_backrest_24f82a763bc04e49909485a035072830_folding_adjustable_weight_bench_urdf_20260825-202316: ok (generate)
[batch][E] rec_adjustable_weight_bench_with_hinged_backrest_26b0030614b14d8a97d9e81e381b7bc1_decline_bench_urdf_20260825-202316: ok (generate)
[batch][E] rec_adjustable_weight_bench_with_hinged_backrest_3091a84b86eb4fb8865413bdd4b51038_adjustable_decline_bench_urdf_20260825-202316: ok (generate)
[batch][T] trellis2: 5 job pairs (urdf)
[batch][T] rec_adjustable_weight_bench_with_hinged_backrest_15113df5d7ca47b9804dce786e5ea780_flat_incline_utility_bench_urdf_20260825-202316 trellis2: 5/5 groups -> done
[batch][T] rec_adjustable_weight_bench_with_hinged_backrest_23efec0bee604236b06e6031fc13453b_heavy_adjustable_weight_bench_urdf_20260825-202316 trellis2: 51/51 groups -> done
[batch][T] rec_adjustable_weight_bench_with_hinged_backrest_24f82a763bc04e49909485a035072830_folding_adjustable_weight_bench_urdf_20260825-202316 trellis2: 51/51 groups -> done
[batch][T] rec_adjustable_weight_bench_with_hinged_backrest_26b0030614b14d8a97d9e81e381b7bc1_decline_bench_urdf_20260825-202316 trellis2: 44/44 groups -> done
[batch][T] rec_adjustable_weight_bench_with_hinged_backrest_3091a84b86eb4fb8865413bdd4b51038_adjustable_decline_bench_urdf_20260825-202316 trellis2: 57/57 groups -> done
[batch] rec_adjustable_weight_bench_with_hinged_backrest_15113df5d7ca47b9804dce786e5ea780_flat_incline_utility_bench_urdf_20260825-202316: {'render': 'done', 'vlm': 'done', 'imageedit': 'done', 'texture': 'done'}
[batch] rec_adjustable_weight_bench_with_hinged_backrest_23efec0bee604236b06e6031fc13453b_heavy_adjustable_weight_bench_urdf_20260825-202316: {'render': 'done', 'vlm': 'done', 'imageedit': 'done', 'texture': 'done'}
[batch] rec_adjustable_weight_bench_with_hinged_backrest_24f82a763bc04e49909485a035072830_folding_adjustable_weight_bench_urdf_20260825-202316: {'render': 'done', 'vlm': 'done', 'imageedit': 'done', 'texture': 'done'}
[batch] rec_adjustable_weight_bench_with_hinged_backrest_26b0030614b14d8a97d9e81e381b7bc1_decline_bench_urdf_20260825-202316: {'render': 'done', 'vlm': 'done', 'imageedit': 'done', 'texture': 'done'}
[batch] rec_adjustable_weight_bench_with_hinged_backrest_3091a84b86eb4fb8865413bdd4b51038_adjustable_decline_bench_urdf_20260825-202316: {'render': 'done', 'vlm': 'done', 'imageedit': 'done', 'texture': 'done'}
[batch] done: 5/5 clean (no error / needs_review)
2026-08-25 20:53:38 Batch 3/51 complete.
2026-08-25 20:53:38 
2026-08-25 20:53:38 ==========================================
2026-08-25 20:53:38 Batch 4/51 (assets 16-20 of 255)
2026-08-25 20:53:38 ==========================================
[batch] 5 assets | stages=['render', 'vlm', 'imageedit', 'texture'] | backends=['trellis2'] | gpu_mode=dual
[orient] falling back to panel 2: agreement 67.8 deg > 30.0 deg
[batch][R] rec_adjustable_weight_bench_with_hinged_backrest_37a64e4283f140838cd6dc31ac771326_commercial_adjustable_bench_urdf_20260825-205343 groups=48 (tiny 32)
[orient] falling back to panel 2: agreement 78.4 deg > 30.0 deg
[batch][R] rec_adjustable_weight_bench_with_hinged_backrest_4774adf89f70497ca1a40b21ef462e7f_decline_bench_urdf_20260825-205343 groups=21 (tiny 17)
[orient] falling back to panel 2: agreement 45.6 deg > 30.0 deg
[batch][R] rec_adjustable_weight_bench_with_hinged_backrest_4fbf728f9d014d0e98115de21332b6f5_apartment_gym_bench_urdf_20260825-205343 groups=26 (tiny 23)
[orient] falling back to panel 2: agreement 68.0 deg > 30.0 deg
[batch][R] rec_adjustable_weight_bench_with_hinged_backrest_52218d37b3eb4027a5eeab4249ed8fc5_adjustable_decline_bench_urdf_20260825-205343 groups=49 (tiny 24)
[orient] falling back to panel 2: agreement 78.9 deg > 30.0 deg
[batch][R] rec_adjustable_weight_bench_with_hinged_backrest_531bf0b5750a4c119070f0f0f3e74263_commercial_adjustable_bench_urdf_20260825-205343 groups=52 (tiny 30)
[batch][V] vlm: 5 items
[batch][V] rec_adjustable_weight_bench_with_hinged_backrest_37a64e4283f140838cd6dc31ac771326_commercial_adjustable_bench_urdf_20260825-205343 [generate]: plastic on the seat; metal on the frame; rubber on the wheels; plastic on the ba
[batch][V] rec_adjustable_weight_bench_with_hinged_backrest_4774adf89f70497ca1a40b21ef462e7f_decline_bench_urdf_20260825-205343 [generate]: polished metal on the frame; matte gray plastic on the seat; brushed metal on th
[batch][V] rec_adjustable_weight_bench_with_hinged_backrest_4fbf728f9d014d0e98115de21332b6f5_apartment_gym_bench_urdf_20260825-205343 [generate]: plastic on the frame; rubber on the wheels; plastic on the seat
[batch][V] rec_adjustable_weight_bench_with_hinged_backrest_52218d37b3eb4027a5eeab4249ed8fc5_adjustable_decline_bench_urdf_20260825-205343 [generate]: plastic on the seat; metal on the frame; rubber on the wheels; plastic on the ad
[batch][V] rec_adjustable_weight_bench_with_hinged_backrest_531bf0b5750a4c119070f0f0f3e74263_commercial_adjustable_bench_urdf_20260825-205343 [generate]: plastic on the seat; plastic on the backrest; metal on the frame; metal on the w
[batch][E] imagegen (generate path): 5 items
[batch][E] rec_adjustable_weight_bench_with_hinged_backrest_37a64e4283f140838cd6dc31ac771326_commercial_adjustable_bench_urdf_20260825-205343: ok (generate)
[batch][E] rec_adjustable_weight_bench_with_hinged_backrest_4774adf89f70497ca1a40b21ef462e7f_decline_bench_urdf_20260825-205343: ok (generate)
[batch][E] rec_adjustable_weight_bench_with_hinged_backrest_4fbf728f9d014d0e98115de21332b6f5_apartment_gym_bench_urdf_20260825-205343: ok (generate)
[batch][E] rec_adjustable_weight_bench_with_hinged_backrest_52218d37b3eb4027a5eeab4249ed8fc5_adjustable_decline_bench_urdf_20260825-205343: ok (generate)
[batch][E] rec_adjustable_weight_bench_with_hinged_backrest_531bf0b5750a4c119070f0f0f3e74263_commercial_adjustable_bench_urdf_20260825-205343: ok (generate)
[batch][T] trellis2: 5 job pairs (urdf)
[batch][T] rec_adjustable_weight_bench_with_hinged_backrest_37a64e4283f140838cd6dc31ac771326_commercial_adjustable_bench_urdf_20260825-205343 trellis2: 48/48 groups -> done
[batch][T] rec_adjustable_weight_bench_with_hinged_backrest_4774adf89f70497ca1a40b21ef462e7f_decline_bench_urdf_20260825-205343 trellis2: 21/21 groups -> done
[batch][T] rec_adjustable_weight_bench_with_hinged_backrest_4fbf728f9d014d0e98115de21332b6f5_apartment_gym_bench_urdf_20260825-205343 trellis2: 26/26 groups -> done
[batch][T] rec_adjustable_weight_bench_with_hinged_backrest_52218d37b3eb4027a5eeab4249ed8fc5_adjustable_decline_bench_urdf_20260825-205343 trellis2: 49/49 groups -> done
[batch][T] rec_adjustable_weight_bench_with_hinged_backrest_531bf0b5750a4c119070f0f0f3e74263_commercial_adjustable_bench_urdf_20260825-205343 trellis2: 52/52 groups -> done
[batch] rec_adjustable_weight_bench_with_hinged_backrest_37a64e4283f140838cd6dc31ac771326_commercial_adjustable_bench_urdf_20260825-205343: {'render': 'done', 'vlm': 'done', 'imageedit': 'done', 'texture': 'done'}
[batch] rec_adjustable_weight_bench_with_hinged_backrest_4774adf89f70497ca1a40b21ef462e7f_decline_bench_urdf_20260825-205343: {'render': 'done', 'vlm': 'done', 'imageedit': 'done', 'texture': 'done'}
[batch] rec_adjustable_weight_bench_with_hinged_backrest_4fbf728f9d014d0e98115de21332b6f5_apartment_gym_bench_urdf_20260825-205343: {'render': 'done', 'vlm': 'done', 'imageedit': 'done', 'texture': 'done'}
[batch] rec_adjustable_weight_bench_with_hinged_backrest_52218d37b3eb4027a5eeab4249ed8fc5_adjustable_decline_bench_urdf_20260825-205343: {'render': 'done', 'vlm': 'done', 'imageedit': 'done', 'texture': 'done'}
[batch] rec_adjustable_weight_bench_with_hinged_backrest_531bf0b5750a4c119070f0f0f3e74263_commercial_adjustable_bench_urdf_20260825-205343: {'render': 'done', 'vlm': 'done', 'imageedit': 'done', 'texture': 'done'}
[batch] done: 5/5 clean (no error / needs_review)
2026-08-25 21:35:57 Batch 4/51 complete.
2026-08-25 21:35:57 
2026-08-25 21:35:57 ==========================================
2026-08-25 21:35:57 Batch 5/51 (assets 21-25 of 255)
2026-08-25 21:35:57 ==========================================
[batch] 5 assets | stages=['render', 'vlm', 'imageedit', 'texture'] | backends=['trellis2'] | gpu_mode=dual
[orient] falling back to panel 2: agreement 90.0 deg > 30.0 deg
[batch][R] rec_adjustable_weight_bench_with_hinged_backrest_56eb49a8082a4b11be854daf974b3c0e_flat_incline_utility_weight_bench_urdf_20260825-213607 groups=58 (tiny 39)
[orient] falling back to panel 2: agreement 89.0 deg > 30.0 deg
[batch][R] rec_adjustable_weight_bench_with_hinged_backrest_5e2b2b35d2764c8e9e8f2af960e646d1_apartment_gym_bench_urdf_20260825-213607 groups=47 (tiny 37)
[orient] falling back to panel 2: agreement 68.3 deg > 30.0 deg
[batch][R] rec_adjustable_weight_bench_with_hinged_backrest_68fe1292ed7c484ab2594b62c460de30_flat_incline_utility_bench_urdf_20260825-213607 groups=46 (tiny 41)
[orient] falling back to panel 2: agreement 78.3 deg > 30.0 deg
[batch][R] rec_adjustable_weight_bench_with_hinged_backrest_6da60cc0f5fa45dd89bbcf9074e7012b_decline_bench_urdf_20260825-213607 groups=46 (tiny 39)
[orient] falling back to panel 2: agreement 39.7 deg > 30.0 deg
[batch][R] rec_adjustable_weight_bench_with_hinged_backrest_6e702bc6805342c3826400c09e61f73b_flat_incline_utility_bench_urdf_20260825-213607 groups=49 (tiny 35)
[batch][V] vlm: 5 items
[batch][V] rec_adjustable_weight_bench_with_hinged_backrest_56eb49a8082a4b11be854daf974b3c0e_flat_incline_utility_weight_bench_urdf_20260825-213607 [generate]: plastic on the base; metal on the frame; rubber on the seat
[batch][V] rec_adjustable_weight_bench_with_hinged_backrest_5e2b2b35d2764c8e9e8f2af960e646d1_apartment_gym_bench_urdf_20260825-213607 [generate]: plastic on the main frame; plastic on the weight plates; plastic on the adjustme
[batch][V] rec_adjustable_weight_bench_with_hinged_backrest_68fe1292ed7c484ab2594b62c460de30_flat_incline_utility_bench_urdf_20260825-213607 [generate]: plastic on the frame; metal on the legs; plastic on the seat; metal on the backr
[batch][V] rec_adjustable_weight_bench_with_hinged_backrest_6da60cc0f5fa45dd89bbcf9074e7012b_decline_bench_urdf_20260825-213607 [generate]: metallic gray on the frame; metallic gray on the wheels; metallic gray on the se
[batch][V] rec_adjustable_weight_bench_with_hinged_backrest_6e702bc6805342c3826400c09e61f73b_flat_incline_utility_bench_urdf_20260825-213607 [generate]: plastic on the frame; plastic on the seat; plastic on the backrest
[batch][E] imagegen (generate path): 5 items
[batch][E] rec_adjustable_weight_bench_with_hinged_backrest_56eb49a8082a4b11be854daf974b3c0e_flat_incline_utility_weight_bench_urdf_20260825-213607: ok (generate)
[batch][E] rec_adjustable_weight_bench_with_hinged_backrest_5e2b2b35d2764c8e9e8f2af960e646d1_apartment_gym_bench_urdf_20260825-213607: ok (generate)
[batch][E] rec_adjustable_weight_bench_with_hinged_backrest_68fe1292ed7c484ab2594b62c460de30_flat_incline_utility_bench_urdf_20260825-213607: ok (generate)
[batch][E] rec_adjustable_weight_bench_with_hinged_backrest_6da60cc0f5fa45dd89bbcf9074e7012b_decline_bench_urdf_20260825-213607: ok (generate)
[batch][E] rec_adjustable_weight_bench_with_hinged_backrest_6e702bc6805342c3826400c09e61f73b_flat_incline_utility_bench_urdf_20260825-213607: ok (generate)
[batch][T] trellis2: 5 job pairs (urdf)
[batch][T] rec_adjustable_weight_bench_with_hinged_backrest_56eb49a8082a4b11be854daf974b3c0e_flat_incline_utility_weight_bench_urdf_20260825-213607 trellis2: 58/58 groups -> done
[batch][T] rec_adjustable_weight_bench_with_hinged_backrest_5e2b2b35d2764c8e9e8f2af960e646d1_apartment_gym_bench_urdf_20260825-213607 trellis2: 47/47 groups -> done
[batch][T] rec_adjustable_weight_bench_with_hinged_backrest_68fe1292ed7c484ab2594b62c460de30_flat_incline_utility_bench_urdf_20260825-213607 trellis2: 46/46 groups -> done
[batch][T] rec_adjustable_weight_bench_with_hinged_backrest_6da60cc0f5fa45dd89bbcf9074e7012b_decline_bench_urdf_20260825-213607 trellis2: 46/46 groups -> done
[batch][T] rec_adjustable_weight_bench_with_hinged_backrest_6e702bc6805342c3826400c09e61f73b_flat_incline_utility_bench_urdf_20260825-213607 trellis2: 49/49 groups -> done
[batch] rec_adjustable_weight_bench_with_hinged_backrest_56eb49a8082a4b11be854daf974b3c0e_flat_incline_utility_weight_bench_urdf_20260825-213607: {'render': 'done', 'vlm': 'done', 'imageedit': 'done', 'texture': 'done'}
[batch] rec_adjustable_weight_bench_with_hinged_backrest_5e2b2b35d2764c8e9e8f2af960e646d1_apartment_gym_bench_urdf_20260825-213607: {'render': 'done', 'vlm': 'done', 'imageedit': 'done', 'texture': 'done'}
[batch] rec_adjustable_weight_bench_with_hinged_backrest_68fe1292ed7c484ab2594b62c460de30_flat_incline_utility_bench_urdf_20260825-213607: {'render': 'done', 'vlm': 'done', 'imageedit': 'done', 'texture': 'done'}
[batch] rec_adjustable_weight_bench_with_hinged_backrest_6da60cc0f5fa45dd89bbcf9074e7012b_decline_bench_urdf_20260825-213607: {'render': 'done', 'vlm': 'done', 'imageedit': 'done', 'texture': 'done'}
[batch] rec_adjustable_weight_bench_with_hinged_backrest_6e702bc6805342c3826400c09e61f73b_flat_incline_utility_bench_urdf_20260825-213607: {'render': 'done', 'vlm': 'done', 'imageedit': 'done', 'texture': 'done'}
[batch] done: 5/5 clean (no error / needs_review)
2026-08-25 22:33:33 Batch 5/51 complete.
2026-08-25 22:33:33 
2026-08-25 22:33:33 ==========================================
2026-08-25 22:33:33 Batch 6/51 (assets 26-30 of 255)
2026-08-25 22:33:33 ==========================================
[batch] 5 assets | stages=['render', 'vlm', 'imageedit', 'texture'] | backends=['trellis2'] | gpu_mode=dual
[orient] falling back to panel 2: agreement 45.3 deg > 30.0 deg
[batch][R] rec_adjustable_weight_bench_with_hinged_backrest_7054d58f80794fc5bf0bb7961bc87e95_commercial_adjustable_bench_urdf_20260825-223340 groups=59 (tiny 34)
[orient] falling back to panel 2: agreement 60.6 deg > 30.0 deg
[batch][R] rec_adjustable_weight_bench_with_hinged_backrest_8590c7ba954646b0b7f0a1b6fecc6b44_flat_incline_utility_bench_urdf_20260825-223340 groups=43 (tiny 36)
[orient] falling back to panel 2: agreement 67.9 deg > 30.0 deg
[batch][R] rec_adjustable_weight_bench_with_hinged_backrest_85cc2abeac8f4c8c9221092460e2de56_folding_adjustable_weight_bench_urdf_20260825-223340 groups=68 (tiny 19)
[orient] falling back to panel 2: agreement 47.0 deg > 30.0 deg
[batch][R] rec_adjustable_weight_bench_with_hinged_backrest_968138fe6f564fd298bcb4c6eaa8f2df_adjustable_weight_bench_urdf_20260825-223340 groups=32 (tiny 18)
[orient] falling back to panel 2: agreement 61.0 deg > 30.0 deg
[batch][R] rec_adjustable_weight_bench_with_hinged_backrest_a21d33f135c34b81b1ae32b9cdcdebb0_flat_incline_utility_bench_urdf_20260825-223340 groups=53 (tiny 45)
[batch][V] vlm: 5 items
[batch][V] rec_adjustable_weight_bench_with_hinged_backrest_7054d58f80794fc5bf0bb7961bc87e95_commercial_adjustable_bench_urdf_20260825-223340 [generate]: plastic on the seat back; plastic on the seat base; metal on the legs; metal on 
[batch][V] rec_adjustable_weight_bench_with_hinged_backrest_8590c7ba954646b0b7f0a1b6fecc6b44_flat_incline_utility_bench_urdf_20260825-223340 [generate]: plastic on the frame; plastic on the wheels; plastic on the seat; plastic on the
[batch][V] rec_adjustable_weight_bench_with_hinged_backrest_85cc2abeac8f4c8c9221092460e2de56_folding_adjustable_weight_bench_urdf_20260825-223340 [generate]: brushed aluminum on the frame; matte black rubber on the seat and backrest; text
[batch][V] rec_adjustable_weight_bench_with_hinged_backrest_968138fe6f564fd298bcb4c6eaa8f2df_adjustable_weight_bench_urdf_20260825-223340 [generate]: plastic on the frame; rubber on the wheels; metal on the support legs; plastic o
[batch][V] rec_adjustable_weight_bench_with_hinged_backrest_a21d33f135c34b81b1ae32b9cdcdebb0_flat_incline_utility_bench_urdf_20260825-223340 [generate]: gray metal on the frame; gray metal on the seat; gray metal on the backrest; gra
[batch][E] imagegen (generate path): 5 items
[batch][E] rec_adjustable_weight_bench_with_hinged_backrest_7054d58f80794fc5bf0bb7961bc87e95_commercial_adjustable_bench_urdf_20260825-223340: ok (generate)
[batch][E] rec_adjustable_weight_bench_with_hinged_backrest_8590c7ba954646b0b7f0a1b6fecc6b44_flat_incline_utility_bench_urdf_20260825-223340: ok (generate)
[batch][E] rec_adjustable_weight_bench_with_hinged_backrest_85cc2abeac8f4c8c9221092460e2de56_folding_adjustable_weight_bench_urdf_20260825-223340: ok (generate)
[batch][E] rec_adjustable_weight_bench_with_hinged_backrest_968138fe6f564fd298bcb4c6eaa8f2df_adjustable_weight_bench_urdf_20260825-223340: ok (generate)
[batch][E] rec_adjustable_weight_bench_with_hinged_backrest_a21d33f135c34b81b1ae32b9cdcdebb0_flat_incline_utility_bench_urdf_20260825-223340: ok (generate)
[batch][T] trellis2: 5 job pairs (urdf)
[batch][T] rec_adjustable_weight_bench_with_hinged_backrest_7054d58f80794fc5bf0bb7961bc87e95_commercial_adjustable_bench_urdf_20260825-223340 trellis2: 59/59 groups -> done
[batch][T] rec_adjustable_weight_bench_with_hinged_backrest_8590c7ba954646b0b7f0a1b6fecc6b44_flat_incline_utility_bench_urdf_20260825-223340 trellis2: 43/43 groups -> done
[batch][T] rec_adjustable_weight_bench_with_hinged_backrest_85cc2abeac8f4c8c9221092460e2de56_folding_adjustable_weight_bench_urdf_20260825-223340 trellis2: 68/68 groups -> done
[batch][T] rec_adjustable_weight_bench_with_hinged_backrest_968138fe6f564fd298bcb4c6eaa8f2df_adjustable_weight_bench_urdf_20260825-223340 trellis2: 32/32 groups -> done
[batch][T] rec_adjustable_weight_bench_with_hinged_backrest_a21d33f135c34b81b1ae32b9cdcdebb0_flat_incline_utility_bench_urdf_20260825-223340 trellis2: 53/53 groups -> done
[batch] rec_adjustable_weight_bench_with_hinged_backrest_7054d58f80794fc5bf0bb7961bc87e95_commercial_adjustable_bench_urdf_20260825-223340: {'render': 'done', 'vlm': 'done', 'imageedit': 'done', 'texture': 'done'}
[batch] rec_adjustable_weight_bench_with_hinged_backrest_8590c7ba954646b0b7f0a1b6fecc6b44_flat_incline_utility_bench_urdf_20260825-223340: {'render': 'done', 'vlm': 'done', 'imageedit': 'done', 'texture': 'done'}
[batch] rec_adjustable_weight_bench_with_hinged_backrest_85cc2abeac8f4c8c9221092460e2de56_folding_adjustable_weight_bench_urdf_20260825-223340: {'render': 'done', 'vlm': 'done', 'imageedit': 'done', 'texture': 'done'}
[batch] rec_adjustable_weight_bench_with_hinged_backrest_968138fe6f564fd298bcb4c6eaa8f2df_adjustable_weight_bench_urdf_20260825-223340: {'render': 'done', 'vlm': 'done', 'imageedit': 'done', 'texture': 'done'}
[batch] rec_adjustable_weight_bench_with_hinged_backrest_a21d33f135c34b81b1ae32b9cdcdebb0_flat_incline_utility_bench_urdf_20260825-223340: {'render': 'done', 'vlm': 'done', 'imageedit': 'done', 'texture': 'done'}
[batch] done: 5/5 clean (no error / needs_review)
2026-08-25 23:39:32 Batch 6/51 complete.
2026-08-25 23:39:32 
2026-08-25 23:39:32 ==========================================
2026-08-25 23:39:32 Batch 7/51 (assets 31-35 of 255)
2026-08-25 23:39:32 ==========================================
[batch] 5 assets | stages=['render', 'vlm', 'imageedit', 'texture'] | backends=['trellis2'] | gpu_mode=dual
[orient] falling back to panel 2: agreement 66.2 deg > 30.0 deg
[batch][R] rec_adjustable_weight_bench_with_hinged_backrest_aaa3c7201718400dac2247f2f340608b_adjustable_decline_bench_urdf_20260825-233943 groups=44 (tiny 1)
[orient] falling back to panel 2: agreement 67.6 deg > 30.0 deg
[batch][R] rec_adjustable_weight_bench_with_hinged_backrest_ab0494c5c6c54fb6b875e10fc68e4225_commercial_adjustable_bench_urdf_20260825-233943 groups=51 (tiny 37)
[orient] falling back to panel 2: agreement 67.5 deg > 30.0 deg
[batch][R] rec_adjustable_weight_bench_with_hinged_backrest_ac226be3f7e643cea38ac6e89be5fb8a_folding_adjustable_weight_bench_urdf_20260825-233943 groups=67 (tiny 26)
[orient] falling back to panel 2: agreement 46.5 deg > 30.0 deg
[batch][R] rec_adjustable_weight_bench_with_hinged_backrest_b7ee4f06f75b440bbfdef6470b44d062_folding_adjustable_weight_bench_urdf_20260825-233943 groups=52 (tiny 32)
[orient] falling back to panel 2: agreement 78.8 deg > 30.0 deg
[batch][R] rec_adjustable_weight_bench_with_hinged_backrest_c1cb908109544252ab05e9fc50d8d871_apartment_gym_bench_urdf_20260825-233943 groups=6 (tiny 0)
[batch][V] vlm: 5 items
[batch][V] rec_adjustable_weight_bench_with_hinged_backrest_aaa3c7201718400dac2247f2f340608b_adjustable_decline_bench_urdf_20260825-233943 [generate]: plastic on the seat; metal on the frame; rubber on the wheels
[batch][V] rec_adjustable_weight_bench_with_hinged_backrest_ab0494c5c6c54fb6b875e10fc68e4225_commercial_adjustable_bench_urdf_20260825-233943 [generate]: plastic on the seat; plastic on the frame; rubber on the wheels; plastic on the 
[batch][V] rec_adjustable_weight_bench_with_hinged_backrest_ac226be3f7e643cea38ac6e89be5fb8a_folding_adjustable_weight_bench_urdf_20260825-233943 [generate]: metallic gray on the frame; metallic gray on the seat; metallic gray on the legs
[batch][V] rec_adjustable_weight_bench_with_hinged_backrest_b7ee4f06f75b440bbfdef6470b44d062_folding_adjustable_weight_bench_urdf_20260825-233943 [generate]: plastic on the frame; metal on the legs; plastic on the seat
[batch][V] rec_adjustable_weight_bench_with_hinged_backrest_c1cb908109544252ab05e9fc50d8d871_apartment_gym_bench_urdf_20260825-233943 [generate]: plastic on the seat; metal on the frame; plastic on the base; metal on the bolts
[batch][E] imagegen (generate path): 5 items
[batch][E] rec_adjustable_weight_bench_with_hinged_backrest_aaa3c7201718400dac2247f2f340608b_adjustable_decline_bench_urdf_20260825-233943: ok (generate)
[batch][E] rec_adjustable_weight_bench_with_hinged_backrest_ab0494c5c6c54fb6b875e10fc68e4225_commercial_adjustable_bench_urdf_20260825-233943: ok (generate)
[batch][E] rec_adjustable_weight_bench_with_hinged_backrest_ac226be3f7e643cea38ac6e89be5fb8a_folding_adjustable_weight_bench_urdf_20260825-233943: ok (generate)
[batch][E] rec_adjustable_weight_bench_with_hinged_backrest_b7ee4f06f75b440bbfdef6470b44d062_folding_adjustable_weight_bench_urdf_20260825-233943: ok (generate)
[batch][E] rec_adjustable_weight_bench_with_hinged_backrest_c1cb908109544252ab05e9fc50d8d871_apartment_gym_bench_urdf_20260825-233943: ok (generate)
[batch][T] trellis2: 5 job pairs (urdf)
[batch][T] rec_adjustable_weight_bench_with_hinged_backrest_aaa3c7201718400dac2247f2f340608b_adjustable_decline_bench_urdf_20260825-233943 trellis2: 44/44 groups -> done
[batch][T] rec_adjustable_weight_bench_with_hinged_backrest_ab0494c5c6c54fb6b875e10fc68e4225_commercial_adjustable_bench_urdf_20260825-233943 trellis2: 51/51 groups -> done
[batch][T] rec_adjustable_weight_bench_with_hinged_backrest_ac226be3f7e643cea38ac6e89be5fb8a_folding_adjustable_weight_bench_urdf_20260825-233943 trellis2: 67/67 groups -> done
[batch][T] rec_adjustable_weight_bench_with_hinged_backrest_b7ee4f06f75b440bbfdef6470b44d062_folding_adjustable_weight_bench_urdf_20260825-233943 trellis2: 52/52 groups -> done
[batch][T] rec_adjustable_weight_bench_with_hinged_backrest_c1cb908109544252ab05e9fc50d8d871_apartment_gym_bench_urdf_20260825-233943 trellis2: 6/6 groups -> done
[batch] rec_adjustable_weight_bench_with_hinged_backrest_aaa3c7201718400dac2247f2f340608b_adjustable_decline_bench_urdf_20260825-233943: {'render': 'done', 'vlm': 'done', 'imageedit': 'done', 'texture': 'done'}
[batch] rec_adjustable_weight_bench_with_hinged_backrest_ab0494c5c6c54fb6b875e10fc68e4225_commercial_adjustable_bench_urdf_20260825-233943: {'render': 'done', 'vlm': 'done', 'imageedit': 'done', 'texture': 'done'}
[batch] rec_adjustable_weight_bench_with_hinged_backrest_ac226be3f7e643cea38ac6e89be5fb8a_folding_adjustable_weight_bench_urdf_20260825-233943: {'render': 'done', 'vlm': 'done', 'imageedit': 'done', 'texture': 'done'}
[batch] rec_adjustable_weight_bench_with_hinged_backrest_b7ee4f06f75b440bbfdef6470b44d062_folding_adjustable_weight_bench_urdf_20260825-233943: {'render': 'done', 'vlm': 'done', 'imageedit': 'done', 'texture': 'done'}
[batch] rec_adjustable_weight_bench_with_hinged_backrest_c1cb908109544252ab05e9fc50d8d871_apartment_gym_bench_urdf_20260825-233943: {'render': 'done', 'vlm': 'done', 'imageedit': 'done', 'texture': 'done'}
[batch] done: 5/5 clean (no error / needs_review)
2026-08-26 00:52:50 Batch 7/51 complete.
2026-08-26 00:52:50 
2026-08-26 00:52:50 ==========================================
2026-08-26 00:52:50 Batch 8/51 (assets 36-40 of 255)
2026-08-26 00:52:50 ==========================================
